[www.varunbajaj.me/index.html]
[backblue.gif]
[fade.gif]
[index.html]
[www.varunbajaj.me/css/materialize.css]
[www.varunbajaj.me/css/style.css]
[www.varunbajaj.me/icon/apple-icon-57x57.png]
[maxcdn.bootstrapcdn.com/font-awesome/4.5.0/css/font-awesome.min.css]
[www.varunbajaj.me/icon/apple-icon-60x60.png]
[www.varunbajaj.me/icon/apple-icon-72x72.png]
[www.varunbajaj.me/icon/apple-icon-76x76.png]
[www.varunbajaj.me/icon/apple-icon-114x114.png]
[www.varunbajaj.me/icon/apple-icon-120x120.png]
[www.varunbajaj.me/icon/apple-icon-144x144.png]
[www.varunbajaj.me/icon/apple-icon-152x152.png]
[www.varunbajaj.me/icon/apple-icon-180x180.png]
[www.varunbajaj.me/icon/android-icon-192x192.png]
[www.varunbajaj.me/icon/favicon-32x32.png]
[www.varunbajaj.me/icon/favicon-96x96.png]
[www.varunbajaj.me/icon/favicon-16x16.png]
[www.varunbajaj.me/icon/manifest.json]
[www.varunbajaj.me/icon/ms-icon-144x144.png]
[www.varunbajaj.me/index-2.html]
[www.varunbajaj.me/gamedesign.html]
[www.varunbajaj.me/gamedev.html]
[www.varunbajaj.me/gameplay_prototyping.html]
[www.varunbajaj.me/maya.html]
[www.varunbajaj.me/vr_game_dev.html]
[www.varunbajaj.me/Varun_Bajaj_Resume.pdf]
[www.varunbajaj.me/images/home/featuredgames.png]
[www.varunbajaj.me/images/home/ac_vr.jpg]
[www.varunbajaj.me/images/home/sotremake.jpg]
[www.varunbajaj.me/images/home/lightless_banner.png]
[www.varunbajaj.me/images/home/lostandfound_banner.jpg]
[www.varunbajaj.me/images/home/volume_banner.png]
[www.varunbajaj.me/images/home/fall_guys_banner.png]
[www.varunbajaj.me/images/leveldesign/Portal-Pic.png]
[www.varunbajaj.me/images/leveldesign/l3.png]
[www.varunbajaj.me/images/leveldesign/golfbanner.jpg]
[www.varunbajaj.me/images/leveldesign/Far Cry Level Editor.png]
[www.varunbajaj.me/images/leveldesign/l2.png]
[www.varunbajaj.me/images/leveldesign/Stunner3.png]
[www.varunbajaj.me/images/leveldesign/l4.jpg]
[www.varunbajaj.me/images/leveldesign/l5.jpg]
[www.varunbajaj.me/images/home/pop_banner_2.jpg]
[www.varunbajaj.me/images/home/gameplay.jpg]
[www.varunbajaj.me/images/home/gamedesign.jpg]
[www.varunbajaj.me/images/home/tempest.jpg]
[www.varunbajaj.me/images/home/maya.jpg]
[www.varunbajaj.me/images/home/production_studio.jpg]
[www.varunbajaj.me/images/home/pop_banner_1.jpg]
[www.varunbajaj.me/images/home/me.jpg]
[www.varunbajaj.me/images/home/udemy-blueprint-gamedev.jpg]
[www.varunbajaj.me/images/home/udemy-leveldesign.jpg]
[www.varunbajaj.me/images/home/mit.jpg]
[www.varunbajaj.me/images/home/ue4.jpg]
[www.varunbajaj.me/images/home/BEC.jpg]
[code.jquery.com/jquery-2.1.1.min.js]
[www.varunbajaj.me/js/init.js]
[www.varunbajaj.me/index.html]
[www.varunbajaj.me/js/videoHelper.js]
[www.varunbajaj.me/fonts/roboto/Roboto-Thin.eot]
[www.varunbajaj.me/fonts/roboto/Roboto-Thind41d.eot]
[www.varunbajaj.me/fonts/roboto/Roboto-Thin.woff2]
[www.varunbajaj.me/js/materialize.js]
[www.varunbajaj.me/fonts/roboto/Roboto-Thin.woff]
[www.varunbajaj.me/fonts/roboto/Roboto-Light.eot]
[www.varunbajaj.me/fonts/roboto/Roboto-Lightd41d.eot]
[www.varunbajaj.me/fonts/roboto/Roboto-Light.woff2]
[www.varunbajaj.me/fonts/roboto/Roboto-Thin.ttf]
[www.varunbajaj.me/fonts/roboto/Roboto-Light.woff]
[www.varunbajaj.me/fonts/roboto/Roboto-Regular.eot]
[www.varunbajaj.me/fonts/roboto/Roboto-Regulard41d.eot]
[www.varunbajaj.me/fonts/roboto/Roboto-Regular.woff2]
[www.varunbajaj.me/fonts/roboto/Roboto-Light.ttf]
[www.varunbajaj.me/fonts/roboto/Roboto-Regular.woff]
[www.varunbajaj.me/fonts/roboto/Roboto-Medium.eot]
[www.varunbajaj.me/fonts/roboto/Roboto-Mediumd41d.eot]
[www.varunbajaj.me/fonts/roboto/Roboto-Medium.woff2]
[www.varunbajaj.me/fonts/roboto/Roboto-Regular.ttf]
[www.varunbajaj.me/fonts/roboto/Roboto-Medium.woff]
[www.varunbajaj.me/fonts/roboto/Roboto-Bold.eot]
[www.varunbajaj.me/fonts/roboto/Roboto-Boldd41d.eot]
[www.varunbajaj.me/fonts/roboto/Roboto-Bold.woff2]
[www.varunbajaj.me/fonts/roboto/Roboto-Medium.ttf]
[www.varunbajaj.me/fonts/roboto/Roboto-Bold.woff]
[www.varunbajaj.me/css/materialize.css]
[www.varunbajaj.me/css/style.css]
[maxcdn.bootstrapcdn.com/font-awesome/4.5.0/css/font-awesome.min.css]
[www.varunbajaj.me/index-2.html]
[www.varunbajaj.me/images/gamedesign/escape.jpg]
[www.varunbajaj.me/fonts/roboto/Roboto-Bold.ttf]
[www.varunbajaj.me/images/gamedesign/crash.jpg]
[www.varunbajaj.me/images/gamedesign/uncharted.jpg]
[www.varunbajaj.me/images/gamedesign/lis.jpg]
[www.varunbajaj.me/images/gamedesign/wotg.jpg]
[www.varunbajaj.me/gamedesign.html]
[www.varunbajaj.me/images/gamedev/tempest.jpg]
[www.varunbajaj.me/images/gamedev/donkey.jpg]
[www.varunbajaj.me/images/gamedev/mw.jpg]
[www.varunbajaj.me/images/gamedev/idea.jpg]
[www.varunbajaj.me/gamedev.html]
[www.varunbajaj.me/images/gameplay_prototyping/Life_Snap.png]
[www.varunbajaj.me/images/gameplay_prototyping/Game1.png]
[www.varunbajaj.me/images/gameplay_prototyping/Game3.png]
[www.varunbajaj.me/images/gameplay_prototyping/Game4.jpg]
[www.varunbajaj.me/images/gameplay_prototyping/Game5.png]
[www.varunbajaj.me/images/gameplay_prototyping/cascade.jpg]
[www.varunbajaj.me/images/gameplay_prototyping/Cascade Design Challenge 1 - Varun Sunil Bajaj.jpg]
[www.varunbajaj.me/images/gameplay_prototyping/Cascade Design Challenge 2 - Image 1 - Varun Sunil Bajaj.png]
[www.varunbajaj.me/images/gameplay_prototyping/Cascade Design Challenge 2 - Image 2 - Varun Sunil Bajaj.png]
[www.varunbajaj.me/images/gameplay_prototyping/candy.png]
[www.varunbajaj.me/images/gameplay_prototyping/vacation.png]
[www.varunbajaj.me/images/gameplay_prototyping/cube.png]
[www.varunbajaj.me/images/gameplay_prototyping/rts.png]
[www.varunbajaj.me/images/gameplay_prototyping/design_game_on_spot.jpg]
[www.varunbajaj.me/images/gameplay_prototyping/godot.png]
[www.varunbajaj.me/images/gameplay_prototyping/sports.png]
[www.varunbajaj.me/images/gameplay_prototyping/There Will Be Blood Game Board - Varun Sunil Bajaj.jpg]
[www.varunbajaj.me/images/gameplay_prototyping/projectboostbanner.png]
[www.varunbajaj.me/images/gameplay_prototyping/terminalhackerbanner.png]
[www.varunbajaj.me/gameplay_prototyping.html]
[www.varunbajaj.me/images/maya/Chess.png]
[www.varunbajaj.me/images/maya/Axe.png]
[www.varunbajaj.me/images/maya/Hammer.png]
[www.varunbajaj.me/images/maya/Chair.png]
[www.varunbajaj.me/images/maya/candle.png]
[www.varunbajaj.me/images/maya/Mechanical_Arm.png]
[www.varunbajaj.me/maya.html]
[www.varunbajaj.me/images/vr_game_dev/prod_studio.gif]
[www.varunbajaj.me/vr_game_dev.html]
